../Core/Src/main.c:128:6:set_global_state	16	static
../Core/Src/main.c:135:6:ADC_Select_CH14	24	static
../Core/Src/main.c:149:6:ADC_Select_CH15	24	static
../Core/Src/main.c:164:10:get_analog_state	24	static
../Core/Src/main.c:197:10:get_temp	8	static
../Core/Src/main.c:202:10:get_water_level	8	static
../Core/Src/main.c:207:6:transmit_sensors	24	static
../Core/Src/main.c:219:6:transmit_state	24	static
../Core/Src/main.c:256:6:on_startup	16	static
../Core/Src/main.c:263:6:get_buttons	8	static
../Core/Src/main.c:322:5:main	16	static
../Core/Src/main.c:463:6:SystemClock_Config	88	static
../Core/Src/main.c:510:13:MX_ADC1_Init	24	static
../Core/Src/main.c:562:13:MX_TIM10_Init	8	static
../Core/Src/main.c:593:13:MX_USART2_UART_Init	8	static
../Core/Src/main.c:626:13:MX_GPIO_Init	48	static
../Core/Src/main.c:672:6:Error_Handler	4	static,ignoring_inline_asm
