../Core/Src/main.c:108:6:set_global_state	16	static
../Core/Src/main.c:115:6:ADC_Select_CH14	24	static
../Core/Src/main.c:129:6:ADC_Select_CH15	24	static
../Core/Src/main.c:144:10:get_analog_state	24	static
../Core/Src/main.c:177:10:get_temp	8	static
../Core/Src/main.c:182:10:get_water_level	8	static
../Core/Src/main.c:187:6:transmit_sensors	24	static
../Core/Src/main.c:199:6:transmit_state	24	static
../Core/Src/main.c:232:6:get_buttons	8	static
../Core/Src/main.c:289:5:main	16	static
../Core/Src/main.c:425:6:SystemClock_Config	88	static
../Core/Src/main.c:472:13:MX_ADC1_Init	24	static
../Core/Src/main.c:524:13:MX_TIM10_Init	8	static
../Core/Src/main.c:555:13:MX_USART2_UART_Init	8	static
../Core/Src/main.c:588:13:MX_GPIO_Init	48	static
../Core/Src/main.c:640:6:Error_Handler	4	static,ignoring_inline_asm
